// Jest Snapshot v1, https://goo.gl/fbAQLP

exports[`Tests MyAppointments component should render page 1`] = `
<div>
  Loading...
</div>
`;
